// Vitest Snapshot v1, https://vitest.dev/guide/snapshot.html

exports[`Footer > should match snapshot 1`] = `
{
  "asFragment": [Function],
  "baseElement": <body>
    <div>
      <footer
        class="dark:bg-black bg-gray-light h-36 flex flex-col gap-y-1.5 items-center justify-center cursor-default dark:text-gray text-black-main text-lg drop-shadow-[-50px_0_50px_rgba(0,0,0,0.25)]"
      >
        <p>
          Released under MIT license
        </p>
        <p
          class="flex items-center gap-x-0.5"
          data-testid="author"
        >
          Copyright 
          <svg
            class="lucide lucide-copyright"
            fill="none"
            height="24"
            stroke="currentColor"
            stroke-linecap="round"
            stroke-linejoin="round"
            stroke-width="2"
            viewBox="0 0 24 24"
            width="24"
            xmlns="http://www.w3.org/2000/svg"
          >
            <circle
              cx="12"
              cy="12"
              r="10"
            />
            <path
              d="M14.83 14.83a4 4 0 1 1 0-5.66"
            />
          </svg>
           2024-present by
           
          <span
            class="bg-gradient-to-br from-secondary via-primary dark:to-white to-secondary inline-block text-transparent bg-clip-text font-bold"
          >
            DevIniter.
          </span>
        </p>
      </footer>
    </div>
  </body>,
  "container": <div>
    <footer
      class="dark:bg-black bg-gray-light h-36 flex flex-col gap-y-1.5 items-center justify-center cursor-default dark:text-gray text-black-main text-lg drop-shadow-[-50px_0_50px_rgba(0,0,0,0.25)]"
    >
      <p>
        Released under MIT license
      </p>
      <p
        class="flex items-center gap-x-0.5"
        data-testid="author"
      >
        Copyright 
        <svg
          class="lucide lucide-copyright"
          fill="none"
          height="24"
          stroke="currentColor"
          stroke-linecap="round"
          stroke-linejoin="round"
          stroke-width="2"
          viewBox="0 0 24 24"
          width="24"
          xmlns="http://www.w3.org/2000/svg"
        >
          <circle
            cx="12"
            cy="12"
            r="10"
          />
          <path
            d="M14.83 14.83a4 4 0 1 1 0-5.66"
          />
        </svg>
         2024-present by
         
        <span
          class="bg-gradient-to-br from-secondary via-primary dark:to-white to-secondary inline-block text-transparent bg-clip-text font-bold"
        >
          DevIniter.
        </span>
      </p>
    </footer>
  </div>,
  "debug": [Function],
  "findAllByAltText": [Function],
  "findAllByDisplayValue": [Function],
  "findAllByLabelText": [Function],
  "findAllByPlaceholderText": [Function],
  "findAllByRole": [Function],
  "findAllByTestId": [Function],
  "findAllByText": [Function],
  "findAllByTitle": [Function],
  "findByAltText": [Function],
  "findByDisplayValue": [Function],
  "findByLabelText": [Function],
  "findByPlaceholderText": [Function],
  "findByRole": [Function],
  "findByTestId": [Function],
  "findByText": [Function],
  "findByTitle": [Function],
  "getAllByAltText": [Function],
  "getAllByDisplayValue": [Function],
  "getAllByLabelText": [Function],
  "getAllByPlaceholderText": [Function],
  "getAllByRole": [Function],
  "getAllByTestId": [Function],
  "getAllByText": [Function],
  "getAllByTitle": [Function],
  "getByAltText": [Function],
  "getByDisplayValue": [Function],
  "getByLabelText": [Function],
  "getByPlaceholderText": [Function],
  "getByRole": [Function],
  "getByTestId": [Function],
  "getByText": [Function],
  "getByTitle": [Function],
  "queryAllByAltText": [Function],
  "queryAllByDisplayValue": [Function],
  "queryAllByLabelText": [Function],
  "queryAllByPlaceholderText": [Function],
  "queryAllByRole": [Function],
  "queryAllByTestId": [Function],
  "queryAllByText": [Function],
  "queryAllByTitle": [Function],
  "queryByAltText": [Function],
  "queryByDisplayValue": [Function],
  "queryByLabelText": [Function],
  "queryByPlaceholderText": [Function],
  "queryByRole": [Function],
  "queryByTestId": [Function],
  "queryByText": [Function],
  "queryByTitle": [Function],
  "rerender": [Function],
  "unmount": [Function],
}
`;
